<gedcom>
    <exception> File contains invalid data! </exception> 
</gedcom>